---
source: crates/syn2mas/src/mas_writer/mod.rs
expression: db_snapshot
---
user_passwords:
  - created_at: "1970-01-01 00:00:00+00"
    hashed_password: $bcrypt$aaaaaaaaaaa
    upgraded_from_id: ~
    user_id: 00000000-0000-0000-0000-000000000001
    user_password_id: 00000000-0000-0000-0000-00000000002a
    version: "1"
users:
  - can_request_admin: "false"
    created_at: "1970-01-01 00:00:00+00"
    locked_at: ~
    primary_user_email_id: ~
    user_id: 00000000-0000-0000-0000-000000000001
    username: alice
